// Jest Snapshot v1, https://goo.gl/fbAQLP

exports[`should preprocess markdown 1`] = `
"<h1>Hello {name}!</h1>
<script>
  let name = 'World';
</script>
"
`;
